---
source: lib/libui/bottom_pane/request_user_input.rs
expression: "render_to_first_char_string(&overlay, area)"
---
                                                                                                                        
  Question 1/1 (1 unanswered)                                                                                           
  Share details.                                                                                                        
                                                                                                                        
  › Type your answer (optional)                                                                                         
                                                                                                                        
                                                                                                                        
                                                                                                                        
  enter to submit answer | esc to interrupt
