---
source: lib/libui/status/tests.rs
expression: sanitized
---
/status

╭───────────────────────────────────────────────────────────────────────╮
│  >_ Chaos (v47.0.0)                                                   │
│                                                                       │
│                                                                       │
│  Model:            gpt-5.1-codex-max (reasoning none, summaries auto) │
│  Directory: [[workspace]]                                             │
│  Permissions:      Custom (read-only, interactive)                    │
│  Agents.md:        <none>                                             │
│                                                                       │
│  Token usage:      750 total  (500 input + 250 output)                │
│  Context window:   100% left (750 used / 200K)                        │
│  Limits:           data not available yet                             │
╰───────────────────────────────────────────────────────────────────────╯
