---
source: lib/libui/bottom_pane/chat_composer/chat_composer_tests.rs
expression: "render_test_backend_debug(width, height, |f|\n{ composer.render(f.area(), f.buffer_mut()); })"
---
"                                                  "
"› Test                                            "
"                                                  "
"                                                  "
"                                                  "
"                                                  "
"                                                  "
"                                                  "
"  tab to queue message · Plan   98% context left  "
