---
source: lib/libui/bottom_pane/chat_composer/chat_composer_tests.rs
expression: terminal.backend()
---
"                                                                                                    "
"  [Image #1]                                                                                        "
"                                                                                                    "
"› describe these                                                                                    "
"                                                                                                    "
"                                                                                                    "
"                                                                                                    "
"                                                                                                    "
"                                                                                 100% context left  "
