---
source: lib/libui/bottom_pane/chat_composer/tests.rs
expression: terminal.backend()
---
"                                                                                                    "
"› h                                                                                                 "
"                                                                                                    "
"                                                                                                    "
"                                                                                                    "
"                                                                                                    "
"                                                                                                    "
"                                                                                                    "
"                                                                                 100% context left  "
